
> pk-automations@1.0.0 build
> next build

  ▲ Next.js 14.2.33
  - Environments: .env.local

   Creating an optimized production build ...
 ⚠ Compiled with warnings

./node_modules/require-in-the-middle/index.js
Critical dependency: require function is used in a way in which dependencies cannot be statically extracted

Import trace for requested module:
./node_modules/require-in-the-middle/index.js
./node_modules/@opentelemetry/instrumentation/build/esm/platform/node/instrumentation.js
./node_modules/@opentelemetry/instrumentation/build/esm/platform/node/index.js
./node_modules/@opentelemetry/instrumentation/build/esm/platform/index.js
./node_modules/@opentelemetry/instrumentation/build/esm/index.js
./node_modules/@sentry/node/build/cjs/integrations/tracing/postgresjs.js
./node_modules/@sentry/node/build/cjs/index.js
./node_modules/@sentry/nextjs/build/cjs/index.server.js
./src/utils/sentry.js
./src/utils/serverAuth.js
./src/app/api/checkout/route.js

 ✓ Compiled successfully
   Linting and checking validity of types ...
   Collecting page data ...

> Build error occurred
Error: ENOENT: no such file or directory, open 'C:\Users\Peter\Desktop\Webdev2025\pk-automations-website\.next\server\pages-manifest.json'
    at async open (node:internal/fs/promises:642:25)
    at async Object.readFile (node:internal/fs/promises:1279:14)
    at async readManifest (C:\Users\Peter\Desktop\Webdev2025\pk-automations-website\node_modules\next\dist\build\index.js:165:23)
    at async C:\Users\Peter\Desktop\Webdev2025\pk-automations-website\node_modules\next\dist\build\index.js:1043:35
    at async Span.traceAsyncFn (C:\Users\Peter\Desktop\Webdev2025\pk-automations-website\node_modules\next\dist\trace\trace.js:154:20)
    at async build (C:\Users\Peter\Desktop\Webdev2025\pk-automations-website\node_modules\next\dist\build\index.js:368:9) {
  errno: -4058,
  code: 'ENOENT',
  syscall: 'open',
  path: 'C:\\Users\\Peter\\Desktop\\Webdev2025\\pk-automations-website\\.next\\server\\pages-manifest.json'
}
